# CVS $Revision: 25136 $ $Author: amaitland $ -- Mon Sep 15 21:55:54 2014 -- reformated by prettylst.pl v1.51 (build 25129)
SOURCELONG:Darwin's World 2nd Edition - Survivor's Guide (v2.5)	SOURCESHORT:DW2_SG	SOURCEWEB:http://www.rpgobjects.com/index.php?page=dw	SOURCEDATE:2006-01


	CATEGORY:Special Ability	TYPE:Class Feature.Barbarian Class Feature		KEY:Barbarian ~ Junk Armor					
	CATEGORY:Special Ability	TYPE:Class Feature.Barbarian Class Feature		KEY:Barbarian ~ Junk Weapon					
	CATEGORY:Special Ability	TYPE:Class Feature.Barbarian Class Feature		KEY:Barbarian ~ Junk Mastery					

	CATEGORY:Special Ability	TYPE:Class Feature.Demagogue Class Feature		KEY:Demagogue ~ Followers					
	CATEGORY:Special Ability	TYPE:Class Feature.Demagogue Class Feature		KEY:Demagogue ~ Lead Followers				
	CATEGORY:Special Ability	TYPE:Class Feature.Demagogue Class Feature		KEY:Demagogue ~ Zealots						
	CATEGORY:Special Ability	TYPE:Class Feature.Demagogue Class Feature		KEY:Demagogue ~ Captivate Masses				
	CATEGORY:Special Ability	TYPE:Class Feature.Demagogue Class Feature		KEY:Demagogue ~ Conversion					
	CATEGORY:Special Ability	TYPE:Class Feature.Demagogue Class Feature		KEY:Demagogue ~ Improved Zealots				
	CATEGORY:Special Ability	TYPE:Class Feature.Demagogue Class Feature		KEY:Demagogue ~ Mass Conversion				

	CATEGORY:Special Ability	TYPE:Class Feature.Guardian Class Feature			KEY:Guardian ~ Defender								ASPECT:NAME|Defender (+%1)|defendLvl										BONUS:VAR|defendLvl|2	DEFINE:defendLvl|0		BONUS:VAR|defendLvl|2|PRECLASS:1,Guardian=7
	CATEGORY:Special Ability	TYPE:Class Feature.Guardian Class Feature			KEY:Guardian ~ Tactical Aid												BONUS:VAR|tactAid|1	DEFINE:tactAid|0
	CATEGORY:Special Ability	TYPE:Class Feature.Guardian Class Feature			KEY:Guardian ~ Raider Bane							

	CATEGORY:Special Ability	TYPE:Class Feature.Juju Doctor Class Feature		KEY:Juju Doctor ~ Juju Specialist					ASPECT:NAME|Juju Specialist (+%1)|jujuSpec																BONUS:SKILL|Treat Injury|jujuSpec	BONUS:VAR|jujuSpec|1	DEFINE:jujuSpec|0		BONUS:VAR|jujuSpec|1|PRECLASS:1,Juju Doctor=5	BONUS:VAR|jujuSpec|1|PRECLASS:1,Juju Doctor=8
	CATEGORY:Special Ability	TYPE:Class Feature.Juju Doctor Class Feature		KEY:Juju Doctor ~ Brew Potion				
	CATEGORY:Special Ability	TYPE:Class Feature.Juju Doctor Class Feature		KEY:Juju Doctor ~ Expert Healer			
	CATEGORY:Special Ability	TYPE:Class Feature.Juju Doctor Class Feature		KEY:Juju Doctor ~ Juju Mastery			
	CATEGORY:Special Ability	TYPE:Class Feature.Juju Doctor Class Feature		KEY:Juju Doctor ~ Potion Mastery			
	CATEGORY:Special Ability	TYPE:Class Feature.Juju Doctor Class Feature		KEY:Juju Doctor ~ Juju Miracle			

	CATEGORY:Special Ability	TYPE:Class Feature.Psionic Class Feature			KEY:Psionic ~ Neural Specialization					DESC:(+%1 to DC of Neural Mutations used)|(CL/2)

	CATEGORY:Special Ability	TYPE:Class Feature.Raider Class Feature			KEY:Raider ~ Chaps and Chains						ASPECT:NAME|Chaps and Chains (+%)|chapchain								BONUS:VAR|chapchain|1	DEFINE:chapchain|0	BONUS:VAR|chapchain|1|PRECLASS:1,Raider=4	BONUS:VAR|chapchain|1|PRECLASS:1,Raider=8
	CATEGORY:Special Ability	TYPE:Class Feature.Raider Class Feature			KEY:Raider ~ Bloodthirsty Cry				
	CATEGORY:Special Ability	TYPE:Class Feature.Raider Class Feature			KEY:Raider ~ Horrifying Kill				
	CATEGORY:Special Ability	TYPE:Class Feature.Raider Class Feature			KEY:Raider ~ No Survivors				
	CATEGORY:Special Ability	TYPE:Class Feature.Raider Class Feature			KEY:Raider ~ Death Cry					

	CATEGORY:Special Ability	TYPE:Class Feature.Road Warrior Class Feature		KEY:Road Warrior ~ Boarding Party			
	CATEGORY:Special Ability	TYPE:Class Feature.Road Warrior Class Feature		KEY:Road Warrior ~ Offensive Driving		
	CATEGORY:Special Ability	TYPE:Class Feature.Road Warrior Class Feature		KEY:Road Warrior ~ Vehicular Evasion		
	CATEGORY:Special Ability	TYPE:Class Feature.Road Warrior Class Feature		KEY:Road Warrior ~ Master Mechanic									BONUS:SKILL|Repair|4|TYPE=Competence
	CATEGORY:Special Ability	TYPE:Class Feature.Road Warrior Class Feature		KEY:Road Warrior ~ Improved Sideswipe		
	CATEGORY:Special Ability	TYPE:Class Feature.Road Warrior Class Feature		KEY:Road Warrior ~ Improved Hardness		
	CATEGORY:Special Ability	TYPE:Class Feature.Road Warrior Class Feature		KEY:Road Warrior ~ Improved Ramming			

	CATEGORY:Special Ability	TYPE:Class Feature.Scav Class Feature			KEY:Scav ~ Scav Scan					
	CATEGORY:Special Ability	TYPE:Class Feature.Scav Class Feature			KEY:Scav ~ Sneak Attack				ABILITY:Special Ability|AUTOMATIC|Sneak Attack	BONUS:VAR|SneakAttackDice|(cl("Scav")+1)
	CATEGORY:Special Ability	TYPE:Class Feature.Scav Class Feature			KEY:Scav ~ Scav Survival				
	CATEGORY:Special Ability	TYPE:Class Feature.Scav Class Feature			KEY:Scav ~ Feign Death					
	CATEGORY:Special Ability	TYPE:Class Feature.Scav Class Feature			KEY:Scav ~ Shadow in the Open				

	CATEGORY:Special Ability	TYPE:Class Feature.Scholar Class Feature			KEY:Scholar ~ Gossip						ASPECT:NAME|Gossip (%1%%)|(50+CHASCORE)
	CATEGORY:Special Ability	TYPE:Class Feature.Scholar Class Feature			KEY:Scholar ~ Confusing Tirade				
	CATEGORY:Special Ability	TYPE:Class Feature.Scholar Class Feature			KEY:Scholar ~ Protected By Code				

	CATEGORY:Special Ability	TYPE:Class Feature.Skulk Class Feature			KEY:Skulk ~ Sweep							
	CATEGORY:Special Ability	TYPE:Class Feature.Skulk Class Feature			KEY:Skulk ~ Sneak Attack			ABILITY:Special Ability|AUTOMATIC|Sneak Attack		BONUS:VAR|SneakAttackDice|(SkulkLVL+1)/3
	CATEGORY:Special Ability	TYPE:Class Feature.Skulk Class Feature			KEY:Skulk ~ Improved Sweep					
	CATEGORY:Special Ability	TYPE:Class Feature.Skulk Class Feature			KEY:Skulk ~ Without a Trace					

	CATEGORY:Special Ability	TYPE:Class Feature.Sister of the Desert Class Feature	KEY:Sister of the Desert ~ Persuade					DESC: (Will Save (DC:%1))|(10+CL+CHA)
	CATEGORY:Special Ability	TYPE:Class Feature.Sister of the Desert Class Feature	KEY:Sister of the Desert ~ Natural Healing			
	CATEGORY:Special Ability	TYPE:Class Feature.Sister of the Desert Class Feature	KEY:Sister of the Desert ~ Go For The "Eyes"			
	CATEGORY:Special Ability	TYPE:Class Feature.Sister of the Desert Class Feature	KEY:Sister of the Desert ~ Fascinate				DESC:(Will Save (DC:%1))|(10+CL+CHA)
	CATEGORY:Special Ability	TYPE:Class Feature.Sister of the Desert Class Feature	KEY:Sister of the Desert ~ Inspire Rebellion			
	CATEGORY:Special Ability	TYPE:Class Feature.Sister of the Desert Class Feature	KEY:Sister of the Desert ~ Male Fear				DESC:(Will Save (DC:%1))|(10+(CL/2)+CHA)
	CATEGORY:Special Ability	TYPE:Class Feature.Sister of the Desert Class Feature	KEY:Sister of the Desert ~ Leave No One Behind			

	CATEGORY:Special Ability	TYPE:Class Feature.Survivalist Class Feature		KEY:Survivalist ~ Called Shot						ASPECT:NAME|Called Shot (+%1d%2)|CSdmg|CSdie						BONUS:VAR|CSdmg|1+(SurvivalistLVL/5)				BONUS:VAR|CSdie|6	DEFINE:CSdmg|0	DEFINE:CSdie|0
	CATEGORY:Special Ability	TYPE:Class Feature.Survivalist Class Feature		KEY:Survivalist ~ Hunter						
	CATEGORY:Special Ability	TYPE:Class Feature.Survivalist Class Feature		KEY:Survivalist ~ Superior Camouflage				

	CATEGORY:Special Ability	TYPE:Class Feature.Symbiote Class Feature			KEY:Symbiote ~ Opportunist					
	CATEGORY:Special Ability	TYPE:Class Feature.Symbiote Class Feature			KEY:Symbiote ~ Bond of Friendship				
	CATEGORY:Special Ability	TYPE:Class Feature.Symbiote Class Feature			KEY:Symbiote ~ Ranged Opportunist				

	CATEGORY:Special Ability	TYPE:Class Feature.Tinker Class Feature			KEY:Tinker ~ Jury-Rig						ASPECT:NAME|Jury-Rig (+%1)|juryRig									BONUS:VAR|JuryRigBonus|2	DEFINE:JuryRigBonus|0	BONUS:VAR|JuryRigBonus|2|PRECLASS:1,Tinker=7
	CATEGORY:Special Ability	TYPE:Class Feature.Tinker Class Feature			KEY:Tinker ~ Tinkering						
	CATEGORY:Special Ability	TYPE:Class Feature.Tinker Class Feature			KEY:Tinker ~ Tech Weapon					
	CATEGORY:Special Ability	TYPE:Class Feature.Tinker Class Feature			KEY:Tinker ~ Tinkercraft					
	CATEGORY:Special Ability	TYPE:Class Feature.Tinker Class Feature			KEY:Tinker ~ Smart Weapon					
	CATEGORY:Special Ability	TYPE:Class Feature.Tinker Class Feature			KEY:Tinker ~ Improved Tinkering				

	CATEGORY:Special Ability	TYPE:Class Feature.Trader Class Feature			KEY:Trader ~ Ear to the Ground									BONUS:SKILL|Gather Information|4|TYPE=Competence
	CATEGORY:Special Ability	TYPE:Class Feature.Trader Class Feature			KEY:Trader ~ Money Talks					
	CATEGORY:Special Ability	TYPE:Class Feature.Trader Class Feature			KEY:Trader ~ Going Once Going Twice					ASPECT:NAME|Going Once, Going Twice
	CATEGORY:Special Ability	TYPE:Class Feature.Trader Class Feature			KEY:Trader ~ Read the Signs					
	CATEGORY:Special Ability	TYPE:Class Feature.Trader Class Feature			KEY:Trader ~ Sucker Born Every Minute				
	CATEGORY:Special Ability	TYPE:Class Feature.Trader Class Feature			KEY:Trader ~ Leadership																			AUTO:FEAT|Leadership
	CATEGORY:Special Ability	TYPE:Class Feature.Trader Class Feature			KEY:Trader ~ Professional Courtesy				


